// Jest Snapshot v1, https://goo.gl/fbAQLP

exports[`renders correctly 1`] = `
<RNGestureHandlerButton
  collapsable={false}
  delayLongPress={600}
  enabled={true}
  exclusive={true}
  handlerTag={1}
  handlerType="NativeViewGestureHandler"
  onGestureEvent={[Function]}
  onGestureHandlerEvent={[Function]}
  onGestureHandlerStateChange={[Function]}
  onHandlerStateChange={[Function]}
  rippleColor={0}
  touchSoundDisabled={false}
>
  <View
    accessible={true}
    collapsable={false}
    style={Object {}}
  >
    <View
      style={
        Object {
          "backgroundColor": "#F4F5F8",
          "height": 115,
          "justifyContent": "center",
          "marginBottom": 10,
          "padding": 0,
          "width": "100%",
        }
      }
    >
      <View
        style={
          Object {
            "flexDirection": "row",
            "justifyContent": "space-around",
            "width": "100%",
          }
        }
      >
        <View
          style={
            Object {
              "alignItems": "center",
              "flexDirection": "row",
              "width": 750,
            }
          }
        >
          <View
            style={
              Object {
                "alignItems": "center",
                "justifyContent": "center",
                "width": 180,
              }
            }
          >
            <Image
              source={
                Object {
                  "uri": "image",
                }
              }
              style={
                Object {
                  "height": "100%",
                  "width": "100%",
                }
              }
            />
          </View>
          <View
            style={
              Object {
                "width": 450,
              }
            }
          >
            <Text
              style={
                Object {
                  "color": "#000000",
                  "fontFamily": "Poppins-Regular",
                  "fontSize": 29.5,
                  "marginLeft": 20,
                }
              }
            >
              name
            </Text>
          </View>
        </View>
        <View
          style={
            Object {
              "alignItems": "flex-start",
              "justifyContent": "center",
              "paddingRight": 50,
            }
          }
        >
          <Text>
            /
            0
          </Text>
        </View>
      </View>
    </View>
  </View>
</RNGestureHandlerButton>
`;
