// Jest Snapshot v1, https://goo.gl/fbAQLP

exports[`renders correctly 1`] = `
<View
  accessibilityLabel="text"
  accessible={true}
  collapsable={false}
  focusable={true}
  onClick={[Function]}
  onResponderGrant={[Function]}
  onResponderMove={[Function]}
  onResponderRelease={[Function]}
  onResponderTerminate={[Function]}
  onResponderTerminationRequest={[Function]}
  onStartShouldSetResponder={[Function]}
  style={
    Object {
      "opacity": 1,
    }
  }
>
  <View
    style={
      Array [
        Object {
          "alignItems": "center",
          "backgroundColor": "#B22222",
          "borderRadius": 13.5,
          "flexDirection": "row",
          "height": 66.5,
          "justifyContent": "center",
          "margin": 5,
          "paddingHorizontal": 10,
          "width": 375,
        },
        undefined,
      ]
    }
  >
    <View
      style={
        Object {
          "marginBottom": 3,
          "marginRight": 5,
        }
      }
    >
      <Text
        allowFontScaling={false}
        selectable={false}
        style={
          Array [
            Object {
              "color": "#fff",
              "fontSize": 15,
            },
            undefined,
            Object {
              "fontFamily": "Material Icons",
              "fontStyle": "normal",
              "fontWeight": "normal",
            },
            Object {},
          ]
        }
      >
        î…‹
      </Text>
    </View>
    <Text
      style={
        Object {
          "color": "#fff",
          "fontFamily": "Poppins-SemiBold",
        }
      }
    >
      text
    </Text>
  </View>
</View>
`;
